// Jest Snapshot v1, https://goo.gl/fbAQLP

exports[`index matches snapshot 1`] = `ShallowWrapper {}`;

exports[`react-overflow-wrapper matches snapshot 1`] = `ShallowWrapper {}`;
